// Jest Snapshot v1, https://goo.gl/fbAQLP

exports[`Testing <Done/> component should match snapshot of Done at initial state 1`] = `
"<Fragment>
  <Accordion defaultActiveKey=\\"0\\">
    <Card bg=\\"success\\" text=\\"light\\" className=\\"mb-2\\" body={false}>
      <CardHeader>
        Reminder-1
        <Button id=\\"remove-1\\" className=\\"float-end\\" variant=\\"success\\" onClick={[Function: onClick]} active={false} disabled={false}>
          <Trash />
        </Button>
        <AccordionToggle eventKey={0} variant=\\"success\\" />
      </CardHeader>
      <AccordionCollapse eventKey={0}>
        <CardBody>
          <CardText>
            Reminder-desc-1
          </CardText>
        </CardBody>
      </AccordionCollapse>
    </Card>
  </Accordion>
  <Accordion defaultActiveKey=\\"0\\">
    <Card bg=\\"success\\" text=\\"light\\" className=\\"mb-2\\" body={false}>
      <CardHeader>
        Reminder-2
        <Button id=\\"remove-2\\" className=\\"float-end\\" variant=\\"success\\" onClick={[Function: onClick]} active={false} disabled={false}>
          <Trash />
        </Button>
        <AccordionToggle eventKey={1} variant=\\"success\\" />
      </CardHeader>
      <AccordionCollapse eventKey={1}>
        <CardBody>
          <CardText>
            Reminder-desc-1
          </CardText>
        </CardBody>
      </AccordionCollapse>
    </Card>
  </Accordion>
</Fragment>"
`;
