// Jest Snapshot v1, https://goo.gl/fbAQLP

exports[`Testing <Reminders/> component should match snapshot of Reminders 1`] = `
"<Tabs defaultActiveKey=\\"input\\" id=\\"uncontrolled-tab-example\\" className=\\"mb-3\\" variant=\\"tabs\\" mountOnEnter={false} unmountOnExit={false}>
  <Tab eventKey=\\"input\\" title=\\"Input\\">
    <Input addReminder={[Function: bound addReminder]} />
  </Tab>
  <Tab eventKey=\\"upcoming\\" title=\\"Upcoming\\">
    <Upcoming reminders={{...}} complete={[Function: bound complete]} />
  </Tab>
  <Tab eventKey=\\"done\\" title=\\"Done\\">
    <Done reminders={{...}} remove={[Function: bound remove]} />
  </Tab>
</Tabs>"
`;
