// Jest Snapshot v1, https://goo.gl/fbAQLP

exports[`Testing <Upcoming/> component should match snapshot of Upcoming at initial state 1`] = `
"<Fragment>
  <Accordion defaultActiveKey=\\"0\\">
    <Card bg=\\"light\\" text=\\"dark\\" className=\\"mb-2\\" body={false}>
      <CardHeader>
        Reminder-1
        <Button id=\\"complete-1\\" className=\\"float-end\\" variant=\\"light\\" onClick={[Function: onClick]} active={false} disabled={false}>
          <CheckCircle />
        </Button>
        <AccordionToggle eventKey={0} variant=\\"light\\" />
      </CardHeader>
      <AccordionCollapse eventKey={0}>
        <CardBody>
          <CardText>
            Reminder-desc-1
          </CardText>
        </CardBody>
      </AccordionCollapse>
    </Card>
  </Accordion>
  <Accordion defaultActiveKey=\\"0\\">
    <Card bg=\\"dark\\" text=\\"light\\" className=\\"mb-2\\" body={false}>
      <CardHeader>
        Reminder-2
        <Button id=\\"complete-2\\" className=\\"float-end\\" variant=\\"dark\\" onClick={[Function: onClick]} active={false} disabled={false}>
          <CheckCircle />
        </Button>
        <AccordionToggle eventKey={1} variant=\\"dark\\" />
      </CardHeader>
      <AccordionCollapse eventKey={1}>
        <CardBody>
          <CardText>
            Reminder-desc-2
          </CardText>
        </CardBody>
      </AccordionCollapse>
    </Card>
  </Accordion>
  <Accordion defaultActiveKey=\\"0\\">
    <Card bg=\\"light\\" text=\\"dark\\" className=\\"mb-2\\" body={false}>
      <CardHeader>
        Reminder-3
        <Button id=\\"complete-3\\" className=\\"float-end\\" variant=\\"light\\" onClick={[Function: onClick]} active={false} disabled={false}>
          <CheckCircle />
        </Button>
        <AccordionToggle eventKey={2} variant=\\"light\\" />
      </CardHeader>
      <AccordionCollapse eventKey={2}>
        <CardBody>
          <CardText>
            Reminder-desc-3
          </CardText>
        </CardBody>
      </AccordionCollapse>
    </Card>
  </Accordion>
</Fragment>"
`;
